// Jest Snapshot v1, https://goo.gl/fbAQLP

exports[`VUserProfile should render the component 1`] = `
<div class="user-profile"><img src="user.avatar_url" alt="" class="user-profile__avatar">
  <div class="user-profile__name">monalisa octocat</div>
  <div class="user-profile__bio">There once was...</div>
</div>
`;
